2026-04-01 09:46:17,847 [INFO] ✅ sumocfg → C:\MAS-RL-Traffic-Control\Ngay2\ThuDucOSM\sumo_config\thuduc.sumocfg
2026-04-01 09:46:17,848 [INFO] Tạo lại route file...
2026-04-01 09:46:18,384 [ERROR] randomTrips lỗi:
jtrrouter] [--maxtries MAXTRIES]
                      [--remove-loops]
                      [--random-routing-factor RANDOMROUTINGFACTOR]
                      [--marouter] [--validate] [--no-validate]
                      [--min-success-rate MINSUCCESSRATE] [-v] [-b BEGIN]
                      [-e END] [-p FLOAT [FLOAT ...] |
                      --insertion-rate FLOAT [FLOAT ...] |
                      --insertion-density FLOAT [FLOAT ...]] [--flows FLOWS]
                      [--poisson] [--random-depart] [--binomial N]
randomTrips.py: error: unrecognized arguments: --random-seed 42

2026-04-01 09:46:18,385 [WARNING] Không tạo được route → sẽ dùng TraCI injection.
2026-04-01 09:46:18,973 [INFO] SUMO started ✅
2026-04-01 09:46:19,021 [INFO] Network: 314 valid edges
2026-04-01 09:46:19,021 [INFO] VehicleInjector: 314 edges hợp lệ
2026-04-01 09:46:19,022 [WARNING] Không có xe sau bước đầu → bật TraCI injection mode.
2026-04-01 09:46:19,022 [INFO] Mô phỏng bắt đầu... (injection=True)
2026-04-01 09:46:19,956 [INFO] ⏱ t= 300s | 🚗  50 xe | 🏎 0.9 km/h | ⏳ 155.2s
2026-04-01 09:46:20,831 [INFO] ⏱ t= 600s | 🚗  50 xe | 🏎 0.0 km/h | ⏳ 454.1s
2026-04-01 09:46:21,596 [INFO] ⏱ t= 900s | 🚗  50 xe | 🏎 0.0 km/h | ⏳ 754.1s
2026-04-01 09:46:22,382 [INFO] ⏱ t=1200s | 🚗  50 xe | 🏎 0.0 km/h | ⏳ 1054.1s
2026-04-01 09:46:23,162 [INFO] ⏱ t=1500s | 🚗  50 xe | 🏎 0.0 km/h | ⏳ 1354.1s
2026-04-01 09:46:24,354 [INFO] ⏱ t=1800s | 🚗  50 xe | 🏎 0.0 km/h | ⏳ 1654.1s
2026-04-01 09:46:25,624 [INFO] ⏱ t=2100s | 🚗  50 xe | 🏎 0.0 km/h | ⏳ 1954.1s
2026-04-01 09:46:26,591 [INFO] ⏱ t=2400s | 🚗  50 xe | 🏎 0.0 km/h | ⏳ 2254.1s
2026-04-01 09:46:27,386 [INFO] ⏱ t=2700s | 🚗  50 xe | 🏎 0.0 km/h | ⏳ 2554.1s
2026-04-01 09:46:28,148 [INFO] ⏱ t=3000s | 🚗  50 xe | 🏎 0.0 km/h | ⏳ 2854.1s
2026-04-01 09:46:28,964 [INFO] ⏱ t=3300s | 🚗  50 xe | 🏎 0.0 km/h | ⏳ 3154.1s
2026-04-01 09:46:29,755 [INFO] Mô phỏng xong. 359 mẫu thu thập.
2026-04-01 09:46:29,913 [INFO] ✅ 359 bản ghi → C:\MAS-RL-Traffic-Control\Ngay2\ThuDucOSM\data\simulation_data.csv
2026-04-01 09:46:29,914 [INFO]   Xe TB: 49.6 | Tốc độ TB: 1.1 km/h | Chờ TB: 1657.4s
